================================================================
  Intel AVB Filter Driver - Test Suite
  Configuration: Debug
================================================================

==> Checking Driver Service Status
[OK] Service found: Stopped
[INFO] Service is not running. Driver may not be loaded.

==> Testing Device Node Access
[FAIL] Cannot access device node: \\.\IntelAvbFilter
[INFO] Error: Exception calling "Open" with "4" argument(s): "Could not find file '\\.\IntelAvbFilter'."
[INFO] Driver may not be loaded or installed correctly

==> Locating Test Executables
[OK] Found 15 test executable(s)
  [OK] avb_capability_validation_test.exe (46592 bytes)
  [OK] avb_device_separation_test.exe (45568 bytes)
  [OK] avb_diagnostic_test.exe (663040 bytes)
  [OK] avb_hw_state_test.exe (663040 bytes)
  [OK] avb_i226_advanced_test.exe (685056 bytes)
  [OK] avb_i226_test.exe (683520 bytes)
  [OK] avb_multi_adapter_test.exe (691200 bytes)
  [OK] avb_test_i210.exe (692736 bytes)
  [OK] chatgpt5_i226_tas_validation.exe (679424 bytes)
  [OK] corrected_i226_tas_test.exe (672768 bytes)
  [OK] critical_prerequisites_investigation.exe (674304 bytes)
  [OK] enhanced_tas_investigation.exe (673792 bytes)
  [OK] hardware_investigation_tool.exe (674816 bytes)
  [OK] test_tsn_ioctl_handlers.exe (667648 bytes)
  [OK] tsn_hardware_activation_validation.exe (670720 bytes)

==> Available Tests
[INFO] Use -Quick for fast verification, -Full for comprehensive suite, or -TestExecutable <name> for specific test

  - avb_capability_validation_test.exe
  - avb_device_separation_test.exe
  - avb_diagnostic_test.exe
  - avb_hw_state_test.exe
  - avb_i226_advanced_test.exe
  - avb_i226_test.exe
  - avb_multi_adapter_test.exe
  - avb_test_i210.exe
  - chatgpt5_i226_tas_validation.exe
  - corrected_i226_tas_test.exe
  - critical_prerequisites_investigation.exe
  - enhanced_tas_investigation.exe
  - hardware_investigation_tool.exe
  - test_tsn_ioctl_handlers.exe
  - tsn_hardware_activation_validation.exe

================================================================
  Test Suite Complete!
================================================================
